Sourcing data.bench
Sourcing {data-create-list: 2584}
Sourcing {data-create-array: 5989}
Sourcing {data-access-list: 1842}
Sourcing {data-access-array: 1252}
TIMING data-access-array 1252
TIMING data-access-list 1842
TIMING data-create-array 5989
TIMING data-create-list 2584

Sourcing expr.bench
Sourcing {expr-streq-a-eq-b-eq-len: 330}
Sourcing {expr-strneq-a-neq-b-eq-len: 321}
Sourcing {expr-streq-a-eq-b-neq-len: 320}
Sourcing {expr-streq-a-neq-b-neq-len: 321}
Sourcing {expr-streq-a-eq-b: 10}
Sourcing {expr-streq-a-neq-b: 10}
Sourcing {expr-unbraced: 50}
Sourcing {expr-braced: 30}
Sourcing {expr-inline: 60}
Sourcing {expr-one-operand: 8}
Sourcing {expr-ten-operands: 10}
Sourcing {expr-fifty-operands: 20}
Sourcing {expr-incr-with-incr: 8}
Sourcing {expr-incr-with-expr: 8}
Sourcing {expr-big-expression: 12}
TIMING expr-big-expression 12
TIMING expr-braced 30
TIMING expr-fifty-operands 20
TIMING expr-incr-with-expr 8
TIMING expr-incr-with-incr 8
TIMING expr-inline 60
TIMING expr-one-operand 8
TIMING expr-streq-a-eq-b-eq-len 330
TIMING expr-streq-a-eq-b-neq-len 320
TIMING expr-streq-a-eq-b 10
TIMING expr-streq-a-neq-b-neq-len 321
TIMING expr-streq-a-neq-b 10
TIMING expr-strneq-a-neq-b-eq-len 321
TIMING expr-ten-operands 10
TIMING expr-unbraced 50

Sourcing lappend.bench

Sourcing list.bench
Sourcing {bench_list_constant: 10}
Sourcing {bench_list_index_constant: 20}
Sourcing {bench_list_index_nonconstant: 30}
Sourcing {bench_list_append: 150}
Sourcing {bench_list_llength: 30}
TIMING bench_list_append 150
TIMING bench_list_constant 10
TIMING bench_list_index_constant 20
TIMING bench_list_index_nonconstant 30
TIMING bench_list_llength 30

Sourcing loops.bench
Sourcing {loops-for-list: 1602}
Sourcing {loops-for-list-ten: 3405}
Sourcing {loops-foreach-list: 140}
Sourcing {loops-foreach-list-ten: 661}
Sourcing {loops-foo-num-500: 611}
Sourcing {loops-while-num-500: 631}
Sourcing {loops-while-num-ten-500: 1111}
Sourcing {loops-while-1-500: 551}
Sourcing {loops-while-1-ten-500: 1031}
Sourcing {loops-for-string: 490}
Sourcing {loops-foreach-string: 541}
TIMING loops-foo-num-500 611
TIMING loops-for-list-ten 3405
TIMING loops-for-list 1602
TIMING loops-for-string 490
TIMING loops-foreach-list-ten 661
TIMING loops-foreach-list 140
TIMING loops-foreach-string 541
TIMING loops-while-1-500 551
TIMING loops-while-1-ten-500 1031
TIMING loops-while-num-500 631
TIMING loops-while-num-ten-500 1111

Sourcing set.bench
Sourcing {bench_set1: 8}
Sourcing {bench_set2: 20}
Sourcing {bench_set3: 20}
Sourcing {bench_set4: 8}
TIMING bench_set1 8
TIMING bench_set2 20
TIMING bench_set3 20
TIMING bench_set4 8

Sourcing string.bench
Sourcing {bench_string_index: 4796}
Sourcing {bench_string_index_foreach: 8933}
Sourcing {bench_string_compare: 6}
Sourcing {bench_string_equal: 6}
Sourcing {bench_string_length1: 6}
Sourcing {bench_string_length2: 12}
TIMING bench_string_compare 6
TIMING bench_string_equal 6
TIMING bench_string_index_foreach 8933
TIMING bench_string_index 4796
TIMING bench_string_length1 6
TIMING bench_string_length2 12

Sourcing jworld/scripting.bench
Sourcing {count: 1182000}
999999
999999
999999
999999
Sourcing {compare: 3525000}
Sourcing {allocArray: 1743000}
Sourcing {allocArrayList: 561000}
Sourcing {allocMatrix: 4436000}
Sourcing {allocMatrixList: 981000}
TIMING allocArrayList 561000
TIMING allocArray 1743000
TIMING allocMatrixList 981000
TIMING allocMatrix 4436000
TIMING compare 3525000
TIMING count 1182000
Sourcing invoke.bench
Sourcing {invoke_empty: 20}
TIMING invoke_empty 20
done
