Sourcing data.bench
Sourcing {data-create-list: 11637}
Sourcing {data-create-array: 15422}
Sourcing {data-access-list: 16043}
Sourcing {data-access-array: 12428}
TIMING data-access-array 12428
TIMING data-access-list 16043
TIMING data-create-array 15422
TIMING data-create-list 11637

Sourcing expr.bench
Sourcing {expr-streq-a-eq-b-eq-len: 420}
Sourcing {expr-strneq-a-neq-b-eq-len: 450}
Sourcing {expr-streq-a-eq-b-neq-len: 460}
Sourcing {expr-streq-a-neq-b-neq-len: 450}
Sourcing {expr-streq-a-eq-b: 60}
Sourcing {expr-streq-a-neq-b: 50}
Sourcing {expr-unbraced: 90}
Sourcing {expr-braced: 90}
Sourcing {expr-inline: 60}
Sourcing {expr-one-operand: 14}
Sourcing {expr-ten-operands: 40}
Sourcing {expr-fifty-operands: 180}
Sourcing {expr-incr-with-incr: 14}
Sourcing {expr-incr-with-expr: 16}
Sourcing {expr-big-expression: 100}
TIMING expr-big-expression 100
TIMING expr-braced 90
TIMING expr-fifty-operands 180
TIMING expr-incr-with-expr 16
TIMING expr-incr-with-incr 14
TIMING expr-inline 60
TIMING expr-one-operand 14
TIMING expr-streq-a-eq-b-eq-len 420
TIMING expr-streq-a-eq-b-neq-len 460
TIMING expr-streq-a-eq-b 60
TIMING expr-streq-a-neq-b-neq-len 450
TIMING expr-streq-a-neq-b 50
TIMING expr-strneq-a-neq-b-eq-len 450
TIMING expr-ten-operands 40
TIMING expr-unbraced 90

Sourcing lappend.bench

Sourcing list.bench
Sourcing {bench_list_constant: 100}
Sourcing {bench_list_index_constant: 480}
Sourcing {bench_list_index_nonconstant: 631}
Sourcing {bench_list_append: 821}
Sourcing {bench_list_llength: 370}
TIMING bench_list_append 821
TIMING bench_list_constant 100
TIMING bench_list_index_constant 480
TIMING bench_list_index_nonconstant 631
TIMING bench_list_llength 370

Sourcing loops.bench
Sourcing {loops-for-list: 15262}
Sourcing {loops-for-list-ten: 44174}
Sourcing {loops-foreach-list: 4266}
Sourcing {loops-foreach-list-ten: 32396}
Sourcing {loops-foo-num-500: 10215}
Sourcing {loops-while-num-500: 9894}
Sourcing {loops-while-num-ten-500: 41850}
Sourcing {loops-while-1-500: 9744}
Sourcing {loops-while-1-ten-500: 41239}
Sourcing {loops-for-string: 16513}
Sourcing {loops-foreach-string: 4817}
TIMING loops-foo-num-500 10215
TIMING loops-for-list-ten 44174
TIMING loops-for-list 15262
TIMING loops-for-string 16513
TIMING loops-foreach-list-ten 32396
TIMING loops-foreach-list 4266
TIMING loops-foreach-string 4817
TIMING loops-while-1-500 9744
TIMING loops-while-1-ten-500 41239
TIMING loops-while-num-500 9894
TIMING loops-while-num-ten-500 41850

Sourcing set.bench
Sourcing {bench_set1: 130}
Sourcing {bench_set2: 150}
Sourcing {bench_set3: 160}
Sourcing {bench_set4: 320}
TIMING bench_set1 130
TIMING bench_set2 150
TIMING bench_set3 160
TIMING bench_set4 320

Sourcing string.bench
Sourcing {bench_string_index: 156255}
Sourcing {bench_string_index_foreach: 40639}
Sourcing {bench_string_compare: 80}
Sourcing {bench_string_equal: 80}
Sourcing {bench_string_length1: 100}
Sourcing {bench_string_length2: 270}
TIMING bench_string_compare 80
TIMING bench_string_equal 80
TIMING bench_string_index_foreach 40639
TIMING bench_string_index 156255
TIMING bench_string_length1 100
TIMING bench_string_length2 270

Sourcing jworld/scripting.bench
Sourcing {count: 13990000}
999999
999999
999999
999999
Sourcing {compare: 27320000}
Sourcing {allocArray: 3545000}
Sourcing {allocArrayList: 2364000}
Sourcing {allocMatrix: 9073000}
Sourcing {allocMatrixList: 5417000}
TIMING allocArrayList 2364000
TIMING allocArray 3545000
TIMING allocMatrixList 5417000
TIMING allocMatrix 9073000
TIMING compare 27320000
TIMING count 13990000
Sourcing invoke.bench
Sourcing {invoke_empty: 50}
TIMING invoke_empty 50

done
