Sourcing data.bench
Sourcing {DATA create in a list: 958.935}
Sourcing {DATA create in an array: 3360.189}
Sourcing {DATA access in a list: 410.19}
Sourcing {DATA access in an array: 1030.875}
{DATA access in a list} 410.19
{DATA access in an array} 1030.875
{DATA create in a list} 958.935
{DATA create in an array} 3360.189
Sourcing expr.bench
Sourcing {EXPR $a == $b str (== len): 14.935}
Sourcing {EXPR $a != $b str (== len): 15.624}
Sourcing {EXPR $a == $b str (!= len): 14.475}
Sourcing {EXPR $a != $b str (!= len): 13.511}
Sourcing {EXPR $a == $b int: 9.383}
Sourcing {EXPR $a != $b int: 10.128}
Sourcing {EXPR unbraced: 81.876}
Sourcing {EXPR braced: 47.87}
Sourcing {EXPR inline: 21.363}
Sourcing {EXPR one operand: 4.363}
Sourcing {EXPR ten operands: 8.17}
Sourcing {EXPR fifty operands: 13.213}
Sourcing {EXPR incr with incr: 5.208}
Sourcing {EXPR incr with expr: 4.247}
Sourcing {EXPR big expression: 26.203}
{EXPR braced} 47.87
{EXPR one operand} 4.363
{EXPR $a != $b str (== len)} 15.624
{EXPR $a == $b str (!= len)} 14.475
{EXPR incr with expr} 4.247
{EXPR inline} 21.363
{EXPR $a != $b str (!= len)} 13.511
{EXPR $a == $b int} 9.383
{EXPR big expression} 26.203
{EXPR ten operands} 8.17
{EXPR incr with incr} 5.208
{EXPR $a != $b int} 10.128
{EXPR unbraced} 81.876
{EXPR fifty operands} 13.213
{EXPR $a == $b str (== len)} 14.935
Sourcing loops.bench
Sourcing {LOOP for, iterate list: 420.855}
Sourcing {LOOP for-ten, iterate list: 1121.132}
Sourcing {LOOP foreach, iterate list: 231.085}
Sourcing {LOOP foreach-ten, iterate list: 935.268}
Sourcing {LOOP for (to 500): 224.045}
Sourcing {LOOP while (to 500): 220.301}
Sourcing {LOOP while-ten (to 500): 713.303}
Sourcing {LOOP while 1 (to 500): 184.383}
Sourcing {LOOP while 1 (ten) (to 500): 719.729}
Sourcing {LOOP for, iterate string: 1309.612}
Sourcing {LOOP foreach, iterate string: 261.963}
{LOOP while-ten (to 500)} 713.303
{LOOP while (to 500)} 220.301
{LOOP foreach-ten, iterate list} 935.268
{LOOP foreach, iterate list} 231.085
{LOOP while 1 (ten) (to 500)} 719.729
{LOOP while 1 (to 500)} 184.383
{LOOP for, iterate string} 1309.612
{LOOP for (to 500)} 224.045
{LOOP foreach, iterate string} 261.963
{LOOP for-ten, iterate list} 1121.132
{LOOP for, iterate list} 420.855
done
